Matchday 1
Cool Guys, 3 pts
The Winners, 3 pts
Other Guys, 0 pts
